
> kashmir-environmental-intelligence-platform@1.0.0 build
> next build

   ▲ Next.js 15.5.14

   Creating an optimized production build ...
